EN display_datapath NULL E:/Xilinx/projects/seven_segment/counter_datapath.vhd sub00/vhpl12 1695256114
EN adder NULL E:/Xilinx/projects/struct/adder.vhd sub00/vhpl28 1695256096
EN even_odd_counter NULL E:/Xilinx/projects/struct/even_odd_counter.vhd sub00/vhpl16 1695256112
AR data_path behavioral E:/Xilinx/projects/struct/data_path.vhd sub00/vhpl21 1695256111
AR multiplexer_1to2 behavioral E:/Xilinx/projects/struct/multiplexer_1to2.vhd sub00/vhpl27 1695256095
AR multiplexer_2to4_new behavioral E:/Xilinx/projects/seven_segment/multiplexer_2to4_new.vhd sub00/vhpl31 1695256099
EN counter_datapath NULL E:/Xilinx/projects/seven_segment/counter_datapath.vhd sub00/vhpl10 1695248968
EN counter_16 NULL E:/Xilinx/projects/seven_segment/counter_16.vhd sub00/vhpl04 1695256100
EN seven_segment_display NULL E:/Xilinx/projects/mux/seven_segment_display.vhd sub00/vhpl08 1695256106
EN control_unit NULL E:/Xilinx/projects/struct/control_unit.vhd sub00/vhpl18 1695256108
EN tristate_buffer NULL E:/Xilinx/projects/struct/tristate_buffer.vhd sub00/vhpl24 1695256090
EN multiplexer_1to2 NULL E:/Xilinx/projects/struct/multiplexer_1to2.vhd sub00/vhpl26 1695256094
AR registern behavioral E:/Xilinx/projects/struct/register.vhd sub00/vhpl23 1695256089
EN data_path NULL E:/Xilinx/projects/struct/data_path.vhd sub00/vhpl20 1695256110
AR counter_16 behavioral E:/Xilinx/projects/seven_segment/counter_16.vhd sub00/vhpl05 1695256101
AR even_odd_counter behavioral E:/Xilinx/projects/struct/even_odd_counter.vhd sub00/vhpl17 1695256113
EN multiplexer_2to4_new NULL E:/Xilinx/projects/seven_segment/multiplexer_2to4_new.vhd sub00/vhpl30 1695256098
EN counter_2bit NULL E:/Xilinx/projects/seven_segment/counter_2bit.vhd sub00/vhpl00 1695256102
AR counter_datapath behavioral E:/Xilinx/projects/seven_segment/counter_datapath.vhd sub00/vhpl11 1695248969
EN top NULL E:/Xilinx/projects/seven_segment/top.vhd sub00/vhpl14 1695256116
AR top behavioral E:/Xilinx/projects/seven_segment/top.vhd sub00/vhpl15 1695256117
EN decoder_2by4 NULL E:/Xilinx/projects/seven_segment/decoder_2by4.vhd sub00/vhpl06 1695256104
AR adder behavioral E:/Xilinx/projects/struct/adder.vhd sub00/vhpl29 1695256097
AR decoder_2by4 behavioral E:/Xilinx/projects/seven_segment/decoder_2by4.vhd sub00/vhpl07 1695256105
AR multiplexer_2to4 behavioral E:/Xilinx/projects/struct/multiplexer_2to4.vhd sub00/vhpl03 1695256093
AR display_datapath behavioral E:/Xilinx/projects/seven_segment/counter_datapath.vhd sub00/vhpl13 1695256115
AR tristate_buffer behavioral E:/Xilinx/projects/struct/tristate_buffer.vhd sub00/vhpl25 1695256091
AR counter_2bit behavioral E:/Xilinx/projects/seven_segment/counter_2bit.vhd sub00/vhpl01 1695256103
EN multiplexer_2to4 NULL E:/Xilinx/projects/struct/multiplexer_2to4.vhd sub00/vhpl02 1695256092
EN registern NULL E:/Xilinx/projects/struct/register.vhd sub00/vhpl22 1695256088
AR seven_segment_display behavioral E:/Xilinx/projects/mux/seven_segment_display.vhd sub00/vhpl09 1695256107
AR control_unit behavioral E:/Xilinx/projects/struct/control_unit.vhd sub00/vhpl19 1695256109
