V3 59
FL E:/Xilinx/projects/mux/seven_segment_display.vhd 2023/09/20.23:26:57 P.20131013
EN work/seven_segment_display 1695256106 \
      FL E:/Xilinx/projects/mux/seven_segment_display.vhd PB ieee/std_logic_1164 1381692176
AR work/seven_segment_display/Behavioral 1695256107 \
      FL E:/Xilinx/projects/mux/seven_segment_display.vhd \
      EN work/seven_segment_display 1695256106
FL E:/Xilinx/projects/seven_segment/counter_16.vhd 2023/09/20.22:29:08 P.20131013
EN work/counter_16 1695256100 FL E:/Xilinx/projects/seven_segment/counter_16.vhd \
      PB ieee/std_logic_1164 1381692176 PB ieee/STD_LOGIC_UNSIGNED 1381692179 \
      PB ieee/NUMERIC_STD 1381692181
AR work/counter_16/Behavioral 1695256101 \
      FL E:/Xilinx/projects/seven_segment/counter_16.vhd EN work/counter_16 1695256100
FL E:/Xilinx/projects/seven_segment/counter_2bit.vhd 2023/09/20.21:35:06 P.20131013
EN work/counter_2bit 1695256102 \
      FL E:/Xilinx/projects/seven_segment/counter_2bit.vhd PB ieee/std_logic_1164 1381692176 \
      PB ieee/STD_LOGIC_UNSIGNED 1381692179 PB ieee/NUMERIC_STD 1381692181
AR work/counter_2bit/Behavioral 1695256103 \
      FL E:/Xilinx/projects/seven_segment/counter_2bit.vhd EN work/counter_2bit 1695256102
FL E:/Xilinx/projects/seven_segment/counter_datapath.vhd 2023/09/20.23:48:17 P.20131013
EN work/display_datapath 1695256114 \
      FL E:/Xilinx/projects/seven_segment/counter_datapath.vhd \
      PB ieee/std_logic_1164 1381692176
AR work/display_datapath/Behavioral 1695256115 \
      FL E:/Xilinx/projects/seven_segment/counter_datapath.vhd \
      EN work/display_datapath 1695256114 CP multiplexer_2to4_new CP counter_16 \
      CP counter_2bit CP decoder_2by4 CP seven_segment_display
FL E:/Xilinx/projects/seven_segment/decoder_2by4.vhd 2023/09/20.21:10:03 P.20131013
EN work/decoder_2by4 1695256104 \
      FL E:/Xilinx/projects/seven_segment/decoder_2by4.vhd PB ieee/std_logic_1164 1381692176
AR work/decoder_2by4/Behavioral 1695256105 \
      FL E:/Xilinx/projects/seven_segment/decoder_2by4.vhd EN work/decoder_2by4 1695256104
FL E:/Xilinx/projects/seven_segment/multiplexer_2to4_new.vhd 2023/09/20.23:47:53 P.20131013
EN work/multiplexer_2to4_new 1695256098 \
      FL E:/Xilinx/projects/seven_segment/multiplexer_2to4_new.vhd \
      PB ieee/std_logic_1164 1381692176
AR work/multiplexer_2to4_new/Behavioral 1695256099 \
      FL E:/Xilinx/projects/seven_segment/multiplexer_2to4_new.vhd \
      EN work/multiplexer_2to4_new 1695256098
FL E:/Xilinx/projects/seven_segment/top.vhd 2023/09/21.00:28:01 P.20131013
EN work/top 1695256116 FL E:/Xilinx/projects/seven_segment/top.vhd \
      PB ieee/std_logic_1164 1381692176
AR work/top/Behavioral 1695256117 \
      FL E:/Xilinx/projects/seven_segment/top.vhd EN work/top 1695256116 \
      CP even_odd_counter CP display_datapath
FL E:/Xilinx/projects/struct/adder.vhd 2023/09/19.21:34:55 P.20131013
EN work/adder 1695256096 FL E:/Xilinx/projects/struct/adder.vhd \
      PB ieee/std_logic_1164 1381692176 PB ieee/STD_LOGIC_UNSIGNED 1381692179 \
      PB ieee/NUMERIC_STD 1381692181
AR work/adder/Behavioral 1695256097 \
      FL E:/Xilinx/projects/struct/adder.vhd EN work/adder 1695256096
FL E:/Xilinx/projects/struct/control_unit.vhd 2023/09/19.21:29:47 P.20131013
EN work/control_unit 1695256108 FL E:/Xilinx/projects/struct/control_unit.vhd \
      PB ieee/std_logic_1164 1381692176
AR work/control_unit/Behavioral 1695256109 \
      FL E:/Xilinx/projects/struct/control_unit.vhd EN work/control_unit 1695256108
FL E:/Xilinx/projects/struct/data_path.vhd 2023/09/20.19:23:07 P.20131013
EN work/data_path 1695256110 FL E:/Xilinx/projects/struct/data_path.vhd \
      PB ieee/std_logic_1164 1381692176 PB ieee/STD_LOGIC_UNSIGNED 1381692179 \
      PB ieee/NUMERIC_STD 1381692181
AR work/data_path/Behavioral 1695256111 \
      FL E:/Xilinx/projects/struct/data_path.vhd EN work/data_path 1695256110 \
      CP registern CP tristate_buffer CP multiplexer_2to4 CP multiplexer_1to2 \
      CP adder
FL E:/Xilinx/projects/struct/even_odd_counter.vhd 2023/09/21.00:13:46 P.20131013
EN work/even_odd_counter 1695256112 \
      FL E:/Xilinx/projects/struct/even_odd_counter.vhd PB ieee/std_logic_1164 1381692176
AR work/even_odd_counter/Behavioral 1695256113 \
      FL E:/Xilinx/projects/struct/even_odd_counter.vhd EN work/even_odd_counter 1695256112 \
      CP control_unit CP data_path
FL E:/Xilinx/projects/struct/multiplexer_1to2.vhd 2023/09/19.19:34:58 P.20131013
EN work/multiplexer_1to2 1695256094 \
      FL E:/Xilinx/projects/struct/multiplexer_1to2.vhd PB ieee/std_logic_1164 1381692176
AR work/multiplexer_1to2/Behavioral 1695256095 \
      FL E:/Xilinx/projects/struct/multiplexer_1to2.vhd EN work/multiplexer_1to2 1695256094
FL E:/Xilinx/projects/struct/multiplexer_2to4.vhd 2023/09/20.23:44:32 P.20131013
EN work/multiplexer_2to4 1695256092 \
      FL E:/Xilinx/projects/struct/multiplexer_2to4.vhd PB ieee/std_logic_1164 1381692176
AR work/multiplexer_2to4/Behavioral 1695256093 \
      FL E:/Xilinx/projects/struct/multiplexer_2to4.vhd EN work/multiplexer_2to4 1695256092
FL E:/Xilinx/projects/struct/register.vhd 2023/09/19.17:50:32 P.20131013
EN work/registern 1695256088 FL E:/Xilinx/projects/struct/register.vhd \
      PB ieee/std_logic_1164 1381692176
AR work/registern/Behavioral 1695256089 \
      FL E:/Xilinx/projects/struct/register.vhd EN work/registern 1695256088
FL E:/Xilinx/projects/struct/tristate_buffer.vhd 2023/09/20.20:03:06 P.20131013
EN work/tristate_buffer 1695256090 \
      FL E:/Xilinx/projects/struct/tristate_buffer.vhd PB ieee/std_logic_1164 1381692176
AR work/tristate_buffer/Behavioral 1695256091 \
      FL E:/Xilinx/projects/struct/tristate_buffer.vhd EN work/tristate_buffer 1695256090
